I'm sorry, but errors were detected in your script. Please correct the
errors listed below, and try again.


File "game/scripts/park/park_intro.rpy", line 224: expected 'simple_expression' not found.
    show image "images/chat/" at 
                                 ^

Ren'Py Version: Ren'Py 8.0.0.22040201n
Wed Apr 27 21:24:16 2022
